// Jest Snapshot v1, https://goo.gl/fbAQLP

exports[`DummyScreen renders correctly 1`] = `
<RCTSafeAreaView
  style={
    {
      "backgroundColor": "transparent",
      "flex": 1,
    }
  }
  testID="AppSafeArea"
>
  <View
    style={
      [
        {
          "flex": 1,
        },
        {
          "gap": 32,
          "padding": 32,
        },
      ]
    }
    testID="DummyScreen"
  >
    <Text
      style={
        {
          "color": "#000000",
          "fontFamily": "roboto",
          "fontSize": 24,
        }
      }
    >
       
      Base Screen
    </Text>
    <View
      accessibilityState={
        {
          "busy": undefined,
          "checked": undefined,
          "disabled": false,
          "expanded": undefined,
          "selected": undefined,
        }
      }
      accessibilityValue={
        {
          "max": undefined,
          "min": undefined,
          "now": undefined,
          "text": undefined,
        }
      }
      accessible={true}
      collapsable={false}
      focusable={true}
      onBlur={[Function]}
      onClick={[Function]}
      onFocus={[Function]}
      onResponderGrant={[Function]}
      onResponderMove={[Function]}
      onResponderRelease={[Function]}
      onResponderTerminate={[Function]}
      onResponderTerminationRequest={[Function]}
      onStartShouldSetResponder={[Function]}
      style={
        [
          false,
          {
            "padding": 32,
          },
        ]
      }
      testID="DummyScreen:ToApiCallScreenBtn"
    >
      <Text
        style={
          {
            "color": "#000000",
            "fontFamily": "roboto",
            "fontSize": 28,
          }
        }
      >
        To Api Call Screen
      </Text>
    </View>
    <View
      accessibilityState={
        {
          "busy": undefined,
          "checked": undefined,
          "disabled": false,
          "expanded": undefined,
          "selected": undefined,
        }
      }
      accessibilityValue={
        {
          "max": undefined,
          "min": undefined,
          "now": undefined,
          "text": undefined,
        }
      }
      accessible={true}
      collapsable={false}
      focusable={true}
      onBlur={[Function]}
      onClick={[Function]}
      onFocus={[Function]}
      onResponderGrant={[Function]}
      onResponderMove={[Function]}
      onResponderRelease={[Function]}
      onResponderTerminate={[Function]}
      onResponderTerminationRequest={[Function]}
      onStartShouldSetResponder={[Function]}
      style={
        [
          false,
          {
            "padding": 32,
          },
        ]
      }
    >
      <Text
        style={
          {
            "color": "#000000",
            "fontFamily": "roboto",
            "fontSize": 28,
          }
        }
      >
        Throw Error
      </Text>
    </View>
  </View>
</RCTSafeAreaView>
`;
