// Jest Snapshot v1, https://goo.gl/fbAQLP

exports[`PokemonDetailScreen renders correctly 1`] = `
<RCTSafeAreaView
  style={
    {
      "backgroundColor": "transparent",
      "flex": 1,
    }
  }
  testID="AppSafeArea"
>
  <View
    style={
      [
        {
          "flex": 1,
        },
        {
          "gap": 32,
          "padding": 32,
        },
      ]
    }
  >
    <Text
      style={
        {
          "color": "#000000",
          "fontFamily": "roboto",
          "fontSize": 20,
        }
      }
    >
      Fetching details for: 
      ivysaur
    </Text>
    <Text
      style={
        {
          "color": "#000000",
          "fontFamily": "roboto",
          "fontSize": 24,
        }
      }
    >
      Name: 
    </Text>
    <Text
      style={
        {
          "color": "#000000",
          "fontFamily": "roboto",
          "fontSize": 24,
        }
      }
    >
      Weight: 
    </Text>
  </View>
</RCTSafeAreaView>
`;
